// Jest Snapshot v1, https://goo.gl/fbAQLP

exports[`Testing ExpenseListItem 1`] = `
<div>
  <h3>
    Flair
  </h3>
  <p>
    50
    -
    0
  </p>
  <Link
    replace={false}
    to="/edit/1"
  >
    <button>
      Edit
    </button>
  </Link>
</div>
`;
