// Jest Snapshot v1, https://goo.gl/fbAQLP

exports[`Testing HeaderComponent 1`] = `
<header>
  <h1>
    EXPENSIFY
  </h1>
  <NavLink
    activeClassName="is-active"
    ariaCurrent="true"
    exact={true}
    to="/"
  >
    Dashboard
  </NavLink>
  <br />
  <NavLink
    activeClassName="is-active"
    ariaCurrent="true"
    to="/create"
  >
    Create
  </NavLink>
  <br />
  <NavLink
    activeClassName="is-active"
    ariaCurrent="true"
    to="/help"
  >
    Help
  </NavLink>
  <br />
</header>
`;
